
> scholar-stream@0.0.0 build
> vite build

[36mvite v7.2.7 [32mbuilding client environment for production...[36m[39m
transforming...
/*! ≡ƒî╝ daisyUI 5.5.11 */
node.exe : Found 1 warning while optimizing 
generated CSS:
At C:\Program Files\nodejs\npm.ps1:29 char:3
+   & $NODE_EXE $NPM_CLI_JS $args
+   ~~~~~~~~~~~~~~~~~~~~~~~~~~~~~
    + CategoryInfo          : NotSpecified: (Foun 
   d 1 warning... generated CSS::String) [], Rem  
  oteException
    + FullyQualifiedErrorId : NativeCommandError
 

[2mΓöé }[22m
[2mΓöé @layer base {[22m
[2mΓöé[22m   @property --radialprogress {
[2mΓöå[22m            [33m[2m^--[22m Unknown 
at rule: @property[39m
[2mΓöå[22m
[2mΓöé     syntax: "<percentage>";[22m
[2mΓöé     inherits: true;[22m

[32mΓ£ô[39m 70 modules transformed.
[31mΓ£ù[39m Build failed in 760ms
[31merror during build:
[31m[vite]: Rollup failed to resolve import 
"react-router-dom" from "C:/PH Assignment/Assignme
nt-11/Scholar-Stream/src/Layout/DashboardLayout/Co
mponents/Sidebar.jsx".
This is most likely unintended because it can 
break your application at runtime.
If you do want to externalize this module 
explicitly add it to
`build.rollupOptions.external`[31m
    at viteLog (file:///C:/PH%20Assignment/Assignm
ent-11/Scholar-Stream/node_modules/vite/dist/node/
chunks/config.js:33634:57)
    at file:///C:/PH%20Assignment/Assignment-11/Sc
holar-Stream/node_modules/vite/dist/node/chunks/co
nfig.js:33668:73
    at onwarn (file:///C:/PH%20Assignment/Assignme
nt-11/Scholar-Stream/node_modules/@vitejs/plugin-r
eact/dist/index.js:76:7)
    at file:///C:/PH%20Assignment/Assignment-11/Sc
holar-Stream/node_modules/vite/dist/node/chunks/co
nfig.js:33668:28
    at onRollupLog (file:///C:/PH%20Assignment/Ass
ignment-11/Scholar-Stream/node_modules/vite/dist/n
ode/chunks/config.js:33663:63)
    at onLog (file:///C:/PH%20Assignment/Assignmen
t-11/Scholar-Stream/node_modules/vite/dist/node/ch
unks/config.js:33466:4)
    at file:///C:/PH%20Assignment/Assignment-11/Sc
holar-Stream/node_modules/rollup/dist/es/shared/no
de-entry.js:20961:32
    at Object.logger [as onLog] (file:///C:/PH%20A
ssignment/Assignment-11/Scholar-Stream/node_module
s/rollup/dist/es/shared/node-entry.js:22848:9)
    at ModuleLoader.handleInvalidResolvedId (file:
///C:/PH%20Assignment/Assignment-11/Scholar-Stream
/node_modules/rollup/dist/es/shared/node-entry.js:
21592:26)
    at file:///C:/PH%20Assignment/Assignment-11/Sc
holar-Stream/node_modules/rollup/dist/es/shared/no
de-entry.js:21550:26[39m
